Testing Razorpay connection with Key ID: rzp_test_RlD9wyzRtV3ikr
Attempting to create a test order...
SUCCESS! Razorpay order created successfully.
Order ID: order_RlDECXgElC8vII
Amount: 100
